
> bilan-market-e-commerce@0.1.0 build
> next build

   Γû▓ Next.js 15.1.0

   Creating an optimized production build ...
 Γ£ô Compiled successfully
   Linting and checking validity of types ...
node.exe :  Γ¿» ESLint: Cannot find module 
'C:\Users\abdid\OneDrive\Desktop\all the Website test\Bilan-Mark
et-e-Commerce\node_modules\eslint-config-next\core-web-vitals' 
imported from C:\Users\abdid\OneDrive\Desktop\all the Website 
test\Bilan-Market-e-Commerce\eslint.config.mjs Did you mean to 
import "eslint-config-next/core-web-vitals.js"?
At C:\Program Files\nodejs\npm.ps1:29 char:3
+   & $NODE_EXE $NPM_CLI_JS $args
+   ~~~~~~~~~~~~~~~~~~~~~~~~~~~~~
    + CategoryInfo          : NotSpecified: ( Γ¿» ESLint: Ca... 
   web-vitals.js"?:String) [], RemoteException
    + FullyQualifiedErrorId : NativeCommandError
 
Failed to compile.

./src/components/AIChatWidget.tsx:2:25
Type error: Cannot find module 'ai/react' or its corresponding 
type declarations.

[0m [90m 1 |[39m [32m'use client'[39m[33m;[39m[0m
[0m[31m[1m>[22m[39m[90m 2 |[39m [36mimport[39m { 
useChat } [36mfrom[39m [32m'ai/react'[39m[33m;[39m[0m
[0m [90m   |[39m                         
[31m[1m^[22m[39m[0m
[0m [90m 3 |[39m [36mimport[39m { [33mButton[39m } 
[36mfrom[39m [32m'./ui/button'[39m[33m;[39m[0m
[0m [90m 4 |[39m [36mimport[39m { [33mInput[39m } 
[36mfrom[39m [32m'./ui/input'[39m[33m;[39m[0m
[0m [90m 5 |[39m [36mimport[39m { 
[33mCard[39m[33m,[39m [33mCardContent[39m[33m,[39m 
[33mCardHeader[39m[33m,[39m [33mCardTitle[39m } 
[36mfrom[39m [32m'./ui/card'[39m[33m;[39m[0m
